0 info it worked if it ends with ok
1 verbose cli [
1 verbose cli   '/Users/ramanip/.nvm/versions/node/v22.14.0/bin/node',
1 verbose cli   '/Users/ramanip/swipable/node_modules/.bin/npm',
1 verbose cli   'run',
1 verbose cli   'start'
1 verbose cli ]
2 info using npm@2.15.12
3 info using node@v22.14.0
4 verbose run-script [ 'prestart', 'start', 'poststart' ]
5 info prestart mern@0.1.0
6 info start mern@0.1.0
7 verbose unsafe-perm in lifecycle true
8 info mern@0.1.0 Failed to exec start script
9 verbose stack Error: mern@0.1.0 start: `react-scripts start`
9 verbose stack Exit status 1
9 verbose stack     at EventEmitter.<anonymous> (/Users/ramanip/swipable/node_modules/npm/lib/utils/lifecycle.js:217:16)
9 verbose stack     at EventEmitter.emit (node:events:518:28)
9 verbose stack     at ChildProcess.<anonymous> (/Users/ramanip/swipable/node_modules/npm/lib/utils/spawn.js:24:14)
9 verbose stack     at ChildProcess.emit (node:events:518:28)
9 verbose stack     at maybeClose (node:internal/child_process:1101:16)
9 verbose stack     at ChildProcess._handle.onexit (node:internal/child_process:304:5)
10 verbose pkgid mern@0.1.0
11 verbose cwd /Users/ramanip/swipable/client
12 error Darwin 25.2.0
13 error argv "/Users/ramanip/.nvm/versions/node/v22.14.0/bin/node" "/Users/ramanip/swipable/node_modules/.bin/npm" "run" "start"
14 error node v22.14.0
15 error npm  v2.15.12
16 error code ELIFECYCLE
17 error mern@0.1.0 start: `react-scripts start`
17 error Exit status 1
18 error Failed at the mern@0.1.0 start script 'react-scripts start'.
18 error This is most likely a problem with the mern package,
18 error not with npm itself.
18 error Tell the author that this fails on your system:
18 error     react-scripts start
18 error You can get information on how to open an issue for this project with:
18 error     npm bugs mern
18 error Or if that isn't available, you can get their info via:
18 error
18 error     npm owner ls mern
18 error There is likely additional logging output above.
19 verbose exit [ 1, true ]
